################################################################################
#                                                                              #
#      IAR Universal Linker V6.4.6.89                                          #
#                                                                              #
#           Link time     =  23/Jul/2023  22:53:25                             #
#           Target CPU    =  MSP430                                            #
#           List file     =  S:\STM32SSC\MSP430\Code\1_project_create\Debug\Li #
#                            st\1_project_create.map                           #
#           Output file 1 =  S:\STM32SSC\MSP430\Code\1_project_create\Debug\Ex #
#                            e\1_project_create.d43                            #
#                            Format: ubrof10                                   #
#                            UBROF version 10.0.6                              #
#                            Using library modules for C-SPY (-rt)             #
#           Command line  =  -f C:\Users\ssc\AppData\Local\Temp\EWD182.tmp     #
#                            (S:\STM32SSC\MSP430\Code\1_project_create\Debug\O #
#                            bj\adc10_a.r43                                    #
#                            S:\STM32SSC\MSP430\Code\1_project_create\Debug\Ob #
#                            j\adc12_a.r43                                     #
#                            S:\STM32SSC\MSP430\Code\1_project_create\Debug\Ob #
#                            j\aes.r43                                         #
#                            S:\STM32SSC\MSP430\Code\1_project_create\Debug\Ob #
#                            j\battbak.r43                                     #
#                            S:\STM32SSC\MSP430\Code\1_project_create\Debug\Ob #
#                            j\comp_b.r43                                      #
#                            S:\STM32SSC\MSP430\Code\1_project_create\Debug\Ob #
#                            j\crc.r43                                         #
#                            S:\STM32SSC\MSP430\Code\1_project_create\Debug\Ob #
#                            j\ctsd16.r43                                      #
#                            S:\STM32SSC\MSP430\Code\1_project_create\Debug\Ob #
#                            j\dac12_a.r43                                     #
#                            S:\STM32SSC\MSP430\Code\1_project_create\Debug\Ob #
#                            j\dma.r43                                         #
#                            S:\STM32SSC\MSP430\Code\1_project_create\Debug\Ob #
#                            j\eusci_a_spi.r43                                 #
#                            S:\STM32SSC\MSP430\Code\1_project_create\Debug\Ob #
#                            j\eusci_a_uart.r43                                #
#                            S:\STM32SSC\MSP430\Code\1_project_create\Debug\Ob #
#                            j\eusci_b_i2c.r43                                 #
#                            S:\STM32SSC\MSP430\Code\1_project_create\Debug\Ob #
#                            j\eusci_b_spi.r43                                 #
#                            S:\STM32SSC\MSP430\Code\1_project_create\Debug\Ob #
#                            j\flashctl.r43                                    #
#                            S:\STM32SSC\MSP430\Code\1_project_create\Debug\Ob #
#                            j\gpio.r43                                        #
#                            S:\STM32SSC\MSP430\Code\1_project_create\Debug\Ob #
#                            j\lcd_b.r43                                       #
#                            S:\STM32SSC\MSP430\Code\1_project_create\Debug\Ob #
#                            j\lcd_c.r43                                       #
#                            S:\STM32SSC\MSP430\Code\1_project_create\Debug\Ob #
#                            j\ldopwr.r43                                      #
#                            S:\STM32SSC\MSP430\Code\1_project_create\Debug\Ob #
#                            j\main.r43                                        #
#                            S:\STM32SSC\MSP430\Code\1_project_create\Debug\Ob #
#                            j\mpy32.r43                                       #
#                            S:\STM32SSC\MSP430\Code\1_project_create\Debug\Ob #
#                            j\oa.r43                                          #
#                            S:\STM32SSC\MSP430\Code\1_project_create\Debug\Ob #
#                            j\pmap.r43                                        #
#                            S:\STM32SSC\MSP430\Code\1_project_create\Debug\Ob #
#                            j\pmm.r43                                         #
#                            S:\STM32SSC\MSP430\Code\1_project_create\Debug\Ob #
#                            j\ram.r43                                         #
#                            S:\STM32SSC\MSP430\Code\1_project_create\Debug\Ob #
#                            j\ref.r43                                         #
#                            S:\STM32SSC\MSP430\Code\1_project_create\Debug\Ob #
#                            j\rtc_a.r43                                       #
#                            S:\STM32SSC\MSP430\Code\1_project_create\Debug\Ob #
#                            j\rtc_b.r43                                       #
#                            S:\STM32SSC\MSP430\Code\1_project_create\Debug\Ob #
#                            j\rtc_c.r43                                       #
#                            S:\STM32SSC\MSP430\Code\1_project_create\Debug\Ob #
#                            j\sd24_b.r43                                      #
#                            S:\STM32SSC\MSP430\Code\1_project_create\Debug\Ob #
#                            j\sfr.r43                                         #
#                            S:\STM32SSC\MSP430\Code\1_project_create\Debug\Ob #
#                            j\sysctl.r43                                      #
#                            S:\STM32SSC\MSP430\Code\1_project_create\Debug\Ob #
#                            j\tec.r43                                         #
#                            S:\STM32SSC\MSP430\Code\1_project_create\Debug\Ob #
#                            j\timer_a.r43                                     #
#                            S:\STM32SSC\MSP430\Code\1_project_create\Debug\Ob #
#                            j\timer_b.r43                                     #
#                            S:\STM32SSC\MSP430\Code\1_project_create\Debug\Ob #
#                            j\timer_d.r43                                     #
#                            S:\STM32SSC\MSP430\Code\1_project_create\Debug\Ob #
#                            j\tlv.r43                                         #
#                            S:\STM32SSC\MSP430\Code\1_project_create\Debug\Ob #
#                            j\ucs.r43                                         #
#                            S:\STM32SSC\MSP430\Code\1_project_create\Debug\Ob #
#                            j\usci_a_spi.r43                                  #
#                            S:\STM32SSC\MSP430\Code\1_project_create\Debug\Ob #
#                            j\usci_a_uart.r43                                 #
#                            S:\STM32SSC\MSP430\Code\1_project_create\Debug\Ob #
#                            j\usci_b_i2c.r43                                  #
#                            S:\STM32SSC\MSP430\Code\1_project_create\Debug\Ob #
#                            j\usci_b_spi.r43                                  #
#                            S:\STM32SSC\MSP430\Code\1_project_create\Debug\Ob #
#                            j\wdt_a.r43                                       #
#                            -o                                                #
#                            S:\STM32SSC\MSP430\Code\1_project_create\Debug\Ex #
#                            e\1_project_create.d43                            #
#                            -l                                                #
#                            S:\STM32SSC\MSP430\Code\1_project_create\Debug\Li #
#                            st\1_project_create.map                           #
#                            -xms                                              #
#                            "-IR:\Program Files (x86)\IAR Systems\Embedded Wo #
#                            rkbench 8.0\430\LIB\"                             #
#                            -f                                                #
#                            "R:\Program Files (x86)\IAR Systems\Embedded Work #
#                            bench 8.0\430\config\linker\lnk430f5529.xcl"      #
#                            (-cmsp430 -D?CPU30_OFFSET=2 -QCODE_I=CODE_ID      #
#                            -QTLS16_I=TLS16_ID -D__iar_HWMUL=4C0              #
#                            -Z(CONST)INFO=1800-19FF                           #
#                            -Z(CONST)INFOA=1980-19FF                          #
#                            -Z(CONST)INFOB=1900-197F                          #
#                            -Z(CONST)INFOC=1880-18FF                          #
#                            -Z(CONST)INFOD=1800-187F                          #
#                            -Z(DATA)USBRAM=1C00-23FF                          #
#                            -Z(DATA)DATA16_I,DATA16_Z,DATA16_N,TLS16_I=2400-4 #
#                            3FF                                               #
#                            -Z(DATA)DATA16_HEAP+_DATA16_HEAP_SIZE             #
#                            -Z(DATA)CODE_I                                    #
#                            -Z(DATA)DATA20_I,DATA20_Z,DATA20_N,DATA20_HEAP+_D #
#                            ATA20_HEAP_SIZE                                   #
#                            -Z(DATA)CSTACK+_STACK_SIZE#                       #
#                            -Z(CONST)DATA16_C,DATA16_ID,TLS16_ID,DIFUNCT,CHEC #
#                            KSUM=4400-FF7F                                    #
#                            -Z(CODE)CSTART,ISR_CODE,CODE16=4400-FF7F          #
#                            -P(CODE)CODE=4400-FF7F,10000-243FF                #
#                            -Z(CONST)DATA20_C,DATA20_ID,CODE_ID=4400-FF7F,100 #
#                            40-243FF                                          #
#                            -Z(CODE)INTVEC=FF80-FFFF                          #
#                            -Z(CODE)RESET=FFFE-FFFF) -f                       #
#                            "R:\Program Files (x86)\IAR Systems\Embedded Work #
#                            bench 8.0\430\config\linker\multiplier32.xcl"     #
#                            (-e?Mul8Hw=?Mul8 -e?Mul16Hw=?Mul16                #
#                            -e?Mul16to32uHw=?Mul16to32u                       #
#                            -e?Mul16to32sHw=?Mul16to32s -e?Mul32Hw32=?Mul32   #
#                            -e?Mul64Hw32=_Mul64i                              #
#                            -e?Mul32u32uto64iHw32=_Mul32u32uto64i             #
#                            -e?Mul32fHw32=_Mul32f                             #
#                            -e_Mul64fHw32Ptr=_Mul64fPtr) -D_STACK_SIZE=A0     #
#                            -rt                                               #
#                            "R:\Program Files (x86)\IAR Systems\Embedded Work #
#                            bench 8.0\430\lib\dlib\dl430xlsfn.r43"            #
#                            -e_PrintfLarge=_Printf -e_ScanfLarge=_Scanf       #
#                            -D_DATA16_HEAP_SIZE=A0 -s __program_start         #
#                            -D_DATA20_HEAP_SIZE=50)                           #
#                                                                              #
#                           Copyright (C) 1987-2016 IAR Systems AB.            #
################################################################################





                ****************************************
                *                                      *
                *           CROSS REFERENCE            *
                *                                      *
                ****************************************

       Program entry at :           4400  Relocatable, from module : ?cstart




                ****************************************
                *                                      *
                *            RUNTIME MODEL             *
                *                                      *
                ****************************************

  __Heap_Handler             = Basic
  __SystemLibrary            = DLib
  __code_model               = large
  __core                     = 430X
  __data_model               = small
  __dlib_file_descriptor     = 0
  __dlib_full_locale_support = 0
  __double_size              = 32
  __pic                      = no
  __reg_r4                   = free
  __reg_r5                   = free
  __rt_version               = 3

                ****************************************
                *                                      *
                *    AUTOMATIC SYMBOL REDIRECTIONS     *
                *                                      *
                ****************************************

                  There are no automatic symbol redirections.



                ****************************************
                *                                      *
                *              MODULE MAP              *
                *                                      *
                ****************************************


  DEFINED ABSOLUTE ENTRIES
    *************************************************************************

  DEFINED ABSOLUTE ENTRIES
  PROGRAM MODULE, NAME : ?ABS_ENTRY_MOD

Absolute parts
           ENTRY                   ADDRESS         REF BY
           =====                   =======         ======
           _DATA20_HEAP_SIZE       0050 
           _DATA16_HEAP_SIZE       00A0 
           _STACK_SIZE             00A0 
           __iar_HWMUL             04C0 
           ?CPU30_OFFSET           0002 
    *************************************************************************

  FILE NAME : S:\STM32SSC\MSP430\Code\1_project_create\Debug\Obj\adc10_a.r43
    *************************************************************************

  FILE NAME : S:\STM32SSC\MSP430\Code\1_project_create\Debug\Obj\adc12_a.r43
    *************************************************************************

  FILE NAME : S:\STM32SSC\MSP430\Code\1_project_create\Debug\Obj\aes.r43
    *************************************************************************

  FILE NAME : S:\STM32SSC\MSP430\Code\1_project_create\Debug\Obj\battbak.r43
    *************************************************************************

  FILE NAME : S:\STM32SSC\MSP430\Code\1_project_create\Debug\Obj\comp_b.r43
    *************************************************************************

  FILE NAME : S:\STM32SSC\MSP430\Code\1_project_create\Debug\Obj\crc.r43
    *************************************************************************

  FILE NAME : S:\STM32SSC\MSP430\Code\1_project_create\Debug\Obj\ctsd16.r43
    *************************************************************************

  FILE NAME : S:\STM32SSC\MSP430\Code\1_project_create\Debug\Obj\dac12_a.r43
    *************************************************************************

  FILE NAME : S:\STM32SSC\MSP430\Code\1_project_create\Debug\Obj\dma.r43
    *************************************************************************

  FILE NAME : S:\STM32SSC\MSP430\Code\1_project_create\Debug\Obj\eusci_a_spi.r43
    *************************************************************************

  FILE NAME : S:\STM32SSC\MSP430\Code\1_project_create\Debug\Obj\eusci_a_uart.r43
    *************************************************************************

  FILE NAME : S:\STM32SSC\MSP430\Code\1_project_create\Debug\Obj\eusci_b_i2c.r43
    *************************************************************************

  FILE NAME : S:\STM32SSC\MSP430\Code\1_project_create\Debug\Obj\eusci_b_spi.r43
    *************************************************************************

  FILE NAME : S:\STM32SSC\MSP430\Code\1_project_create\Debug\Obj\flashctl.r43
    *************************************************************************

  FILE NAME : S:\STM32SSC\MSP430\Code\1_project_create\Debug\Obj\gpio.r43
    *************************************************************************

  FILE NAME : S:\STM32SSC\MSP430\Code\1_project_create\Debug\Obj\lcd_b.r43
    *************************************************************************

  FILE NAME : S:\STM32SSC\MSP430\Code\1_project_create\Debug\Obj\lcd_c.r43
    *************************************************************************

  FILE NAME : S:\STM32SSC\MSP430\Code\1_project_create\Debug\Obj\ldopwr.r43
    *************************************************************************

  FILE NAME : S:\STM32SSC\MSP430\Code\1_project_create\Debug\Obj\main.r43
  PROGRAM MODULE, NAME : main

  SEGMENTS IN THE MODULE
  ======================
DATA16_AN
  Relative segment, address: 0202 - 0203 (0x2 bytes), align: 0
  Segment part 1. ROOT        Intra module refs:   main
           ENTRY                   ADDRESS         REF BY
           =====                   =======         ======
           _A_PAOUT                0202 
           LOCAL                   ADDRESS         
           =====                   =======         
           P1OUT                   0202 
           P1OUT_bit               0202 
           P2OUT                   0203 
           P2OUT_bit               0203 
           PAOUT                   0202 
           PAOUT_H                 0203 
           PAOUT_L                 0202 
           PAOUT_bit               0202 
    -------------------------------------------------------------------------
DATA16_AN
  Relative segment, address: 0204 - 0205 (0x2 bytes), align: 0
  Segment part 2. ROOT        Intra module refs:   main
           ENTRY                   ADDRESS         REF BY
           =====                   =======         ======
           _A_PADIR                0204 
           LOCAL                   ADDRESS         
           =====                   =======         
           P1DIR                   0204 
           P1DIR_bit               0204 
           P2DIR                   0205 
           P2DIR_bit               0205 
           PADIR                   0204 
           PADIR_H                 0205 
           PADIR_L                 0204 
           PADIR_bit               0204 
    -------------------------------------------------------------------------
DATA16_AN
  Relative segment, address: 015C - 015D (0x2 bytes), align: 0
  Segment part 3. ROOT        Intra module refs:   main
           ENTRY                   ADDRESS         REF BY
           =====                   =======         ======
           _A_WDTCTL               015C 
           LOCAL                   ADDRESS         
           =====                   =======         
           WDTCTL                  015C 
           WDTCTL_H                015D 
           WDTCTL_L                015C 
           WDTCTL_bit              015C 
    -------------------------------------------------------------------------
<CODE> 1 (was CODE)
  Relative segment, address: 440C - 442F (0x24 bytes), align: 1
  Segment part 5.
           ENTRY                   ADDRESS         REF BY
           =====                   =======         ======
           main                    440C            Segment part 26 (?cstart)

    *************************************************************************

  FILE NAME : S:\STM32SSC\MSP430\Code\1_project_create\Debug\Obj\mpy32.r43
    *************************************************************************

  FILE NAME : S:\STM32SSC\MSP430\Code\1_project_create\Debug\Obj\oa.r43
    *************************************************************************

  FILE NAME : S:\STM32SSC\MSP430\Code\1_project_create\Debug\Obj\pmap.r43
    *************************************************************************

  FILE NAME : S:\STM32SSC\MSP430\Code\1_project_create\Debug\Obj\pmm.r43
    *************************************************************************

  FILE NAME : S:\STM32SSC\MSP430\Code\1_project_create\Debug\Obj\ram.r43
    *************************************************************************

  FILE NAME : S:\STM32SSC\MSP430\Code\1_project_create\Debug\Obj\ref.r43
    *************************************************************************

  FILE NAME : S:\STM32SSC\MSP430\Code\1_project_create\Debug\Obj\rtc_a.r43
    *************************************************************************

  FILE NAME : S:\STM32SSC\MSP430\Code\1_project_create\Debug\Obj\rtc_b.r43
    *************************************************************************

  FILE NAME : S:\STM32SSC\MSP430\Code\1_project_create\Debug\Obj\rtc_c.r43
    *************************************************************************

  FILE NAME : S:\STM32SSC\MSP430\Code\1_project_create\Debug\Obj\sd24_b.r43
    *************************************************************************

  FILE NAME : S:\STM32SSC\MSP430\Code\1_project_create\Debug\Obj\sfr.r43
    *************************************************************************

  FILE NAME : S:\STM32SSC\MSP430\Code\1_project_create\Debug\Obj\sysctl.r43
    *************************************************************************

  FILE NAME : S:\STM32SSC\MSP430\Code\1_project_create\Debug\Obj\tec.r43
    *************************************************************************

  FILE NAME : S:\STM32SSC\MSP430\Code\1_project_create\Debug\Obj\timer_a.r43
    *************************************************************************

  FILE NAME : S:\STM32SSC\MSP430\Code\1_project_create\Debug\Obj\timer_b.r43
    *************************************************************************

  FILE NAME : S:\STM32SSC\MSP430\Code\1_project_create\Debug\Obj\timer_d.r43
    *************************************************************************

  FILE NAME : S:\STM32SSC\MSP430\Code\1_project_create\Debug\Obj\tlv.r43
    *************************************************************************

  FILE NAME : S:\STM32SSC\MSP430\Code\1_project_create\Debug\Obj\ucs.r43
    *************************************************************************

  FILE NAME : S:\STM32SSC\MSP430\Code\1_project_create\Debug\Obj\usci_a_spi.r43
    *************************************************************************

  FILE NAME : S:\STM32SSC\MSP430\Code\1_project_create\Debug\Obj\usci_a_uart.r43
    *************************************************************************

  FILE NAME : S:\STM32SSC\MSP430\Code\1_project_create\Debug\Obj\usci_b_i2c.r43
    *************************************************************************

  FILE NAME : S:\STM32SSC\MSP430\Code\1_project_create\Debug\Obj\usci_b_spi.r43
    *************************************************************************

  FILE NAME : S:\STM32SSC\MSP430\Code\1_project_create\Debug\Obj\wdt_a.r43
    *************************************************************************

  FILE NAME : R:\Program Files (x86)\IAR Systems\Embedded Workbench 8.0\430\lib\dlib\dl430xlsfn.r43
  LIBRARY MODULE, NAME : ?__dbg_break

  SEGMENTS IN THE MODULE
  ======================
<CODE> 1 (was CODE)
  Relative segment, address: 444C - 444D (0x2 bytes), align: 1
  Segment part 2.
           ENTRY                   ADDRESS         REF BY
           =====                   =======         ======
           __DebugBreak            444C            __exit (?__exit)

    -------------------------------------------------------------------------
  LIBRARY MODULE, NAME : ?__exit

  SEGMENTS IN THE MODULE
  ======================
<CODE> 1 (was CODE)
  Relative segment, address: 4430 - 4443 (0x14 bytes), align: 1
  Segment part 2.
           ENTRY                   ADDRESS         REF BY
           =====                   =======         ======
           __exit                  4430            Segment part 6 (?_exit)
                                                   _exit (?_exit)
               calls direct

    -------------------------------------------------------------------------
  LIBRARY MODULE, NAME : ?_exit

  SEGMENTS IN THE MODULE
  ======================
<CODE> 1 (was CODE)
  Relative segment, address: 4444, align: 1
  Segment part 0.
           ENTRY                   ADDRESS         REF BY
           =====                   =======         ======
           _exit                   4444            exit (?exit)
    -------------------------------------------------------------------------
<CODE> 1 (was CODE)
  Relative segment, address: 4444 - 4447 (0x4 bytes), align: 1
  Segment part 6.             Intra module refs:   _exit

    -------------------------------------------------------------------------
  LIBRARY MODULE, NAME : ?cstart

  SEGMENTS IN THE MODULE
  ======================
CSTACK
  Relative segment, address: 4360, align: 1
  Segment part 1.
    -------------------------------------------------------------------------
CODE_I
  Relative segment, address: 2400, align: 1
  Segment part 5.
    -------------------------------------------------------------------------
CODE_ID
  Relative segment, address: 444E, align: 1
  Segment part 6.
    -------------------------------------------------------------------------
DATA20_Z
  Relative segment, address: 2400, align: 1
  Segment part 7.
    -------------------------------------------------------------------------
DATA20_I
  Relative segment, address: 2400, align: 1
  Segment part 8.
    -------------------------------------------------------------------------
DATA20_ID
  Relative segment, address: 444E, align: 1
  Segment part 9.
    -------------------------------------------------------------------------
DATA20_C
  Relative segment, address: 444E, align: 1
  Segment part 10.
    -------------------------------------------------------------------------
DATA20_N
  Relative segment, address: 2400, align: 1
  Segment part 12.
    -------------------------------------------------------------------------
CSTART
  Relative segment, address: 4400 - 4403 (0x4 bytes), align: 1
  Segment part 15.
           ENTRY                   ADDRESS         REF BY
           =====                   =======         ======
           __program_start         4400            ?reset_vector (?reset_vector)
                                                   Absolute parts (?ABS_ENTRY_MOD)
           ?cstart_begin           4400 
    -------------------------------------------------------------------------
CSTART
  Relative segment, address: 4404 - 440B (0x8 bytes), align: 1
  Segment part 26.            Intra module refs:   Segment part 15
           ENTRY                   ADDRESS         REF BY
           =====                   =======         ======
           ?cstart_call_main       4404 
           ?cstart_end             440C 
    -------------------------------------------------------------------------
CODE_ID
  Relative segment, address: 444E, align: 1
  Segment part 27.            Intra module refs:   Segment part 5

    -------------------------------------------------------------------------
  LIBRARY MODULE, NAME : ?reset_vector

  SEGMENTS IN THE MODULE
  ======================
RESET
  Relative segment, address: FFFE - FFFF (0x2 bytes), align: 1
  Segment part 0.
           ENTRY                   ADDRESS         REF BY
           =====                   =======         ======
           ?reset_vector           FFFE            Segment part 15 (?cstart)

    -------------------------------------------------------------------------
  LIBRARY MODULE, NAME : ?exit

  SEGMENTS IN THE MODULE
  ======================
<CODE> 1 (was CODE)
  Relative segment, address: 4448 - 444B (0x4 bytes), align: 1
  Segment part 2.
           ENTRY                   ADDRESS         REF BY
           =====                   =======         ======
           exit                    4448            Segment part 26 (?cstart)
               calls direct




                ****************************************
                *                                      *
                *      SEGMENTS IN ADDRESS ORDER       *
                *                                      *
                ****************************************


SEGMENT              SPACE    START ADDRESS   END ADDRESS     SIZE  TYPE  ALIGN
=======              =====    =============   ===========     ====  ====  =====
DATA16_AN                              015C - 015D               2   rel    0
                                       0202 - 0205               4 
DATA20_N                                  2400                       rel    1
DATA20_Z                                  2400                       rel    1
DATA20_I                                  2400                       rel    1
CODE_I                                    2400                       rel    1
CSTACK                                 4360 - 43FF              A0   rel    1
CSTART                                 4400 - 440B               C   rel    1
<CODE> 1                               440C - 444D              42   rel    1
DATA20_ID                                 444E                       rel    1
CODE_ID                                   444E                       rel    1
DATA20_C                                  444E                       rel    1
RESET                                  FFFE - FFFF               2   rel    1

                ****************************************
                *                                      *
                *        END OF CROSS REFERENCE        *
                *                                      *
                ****************************************

  80 bytes of CODE memory
 160 bytes of DATA memory (+ 6 absolute )

Errors: none
Warnings: none

