################################################################################
#                                                                              #
#      IAR Universal Linker V6.4.6.89                                          #
#                                                                              #
#           Link time     =  25/Jul/2023  17:09:51                             #
#           Target CPU    =  MSP430                                            #
#           List file     =  S:\STM32SSC\MSP430\Code\4_key\Debug\List\4_key.ma #
#                            p                                                 #
#           Output file 1 =  S:\STM32SSC\MSP430\Code\4_key\Debug\Exe\4_key.d43 #
#                            Format: ubrof10                                   #
#                            UBROF version 10.0.6                              #
#                            Using library modules for C-SPY (-rt)             #
#           Command line  =  -f C:\Users\ssc\AppData\Local\Temp\EWA6F4.tmp     #
#                            (S:\STM32SSC\MSP430\Code\4_key\Debug\Obj\adc10_a. #
#                            r43                                               #
#                            S:\STM32SSC\MSP430\Code\4_key\Debug\Obj\adc12_a.r #
#                            43                                                #
#                            S:\STM32SSC\MSP430\Code\4_key\Debug\Obj\aes.r43   #
#                            S:\STM32SSC\MSP430\Code\4_key\Debug\Obj\battbak.r #
#                            43                                                #
#                            S:\STM32SSC\MSP430\Code\4_key\Debug\Obj\comp_b.r4 #
#                            3                                                 #
#                            S:\STM32SSC\MSP430\Code\4_key\Debug\Obj\crc.r43   #
#                            S:\STM32SSC\MSP430\Code\4_key\Debug\Obj\ctsd16.r4 #
#                            3                                                 #
#                            S:\STM32SSC\MSP430\Code\4_key\Debug\Obj\dac12_a.r #
#                            43                                                #
#                            S:\STM32SSC\MSP430\Code\4_key\Debug\Obj\dma.r43   #
#                            S:\STM32SSC\MSP430\Code\4_key\Debug\Obj\eusci_a_s #
#                            pi.r43                                            #
#                            S:\STM32SSC\MSP430\Code\4_key\Debug\Obj\eusci_a_u #
#                            art.r43                                           #
#                            S:\STM32SSC\MSP430\Code\4_key\Debug\Obj\eusci_b_i #
#                            2c.r43                                            #
#                            S:\STM32SSC\MSP430\Code\4_key\Debug\Obj\eusci_b_s #
#                            pi.r43                                            #
#                            S:\STM32SSC\MSP430\Code\4_key\Debug\Obj\flashctl. #
#                            r43                                               #
#                            S:\STM32SSC\MSP430\Code\4_key\Debug\Obj\gpio.r43  #
#                            S:\STM32SSC\MSP430\Code\4_key\Debug\Obj\key.r43   #
#                            S:\STM32SSC\MSP430\Code\4_key\Debug\Obj\lcd_b.r43 #
#                            S:\STM32SSC\MSP430\Code\4_key\Debug\Obj\lcd_c.r43 #
#                            S:\STM32SSC\MSP430\Code\4_key\Debug\Obj\ldopwr.r4 #
#                            3                                                 #
#                            S:\STM32SSC\MSP430\Code\4_key\Debug\Obj\led.r43   #
#                            S:\STM32SSC\MSP430\Code\4_key\Debug\Obj\main.r43  #
#                            S:\STM32SSC\MSP430\Code\4_key\Debug\Obj\mpy32.r43 #
#                            S:\STM32SSC\MSP430\Code\4_key\Debug\Obj\oa.r43    #
#                            S:\STM32SSC\MSP430\Code\4_key\Debug\Obj\pmap.r43  #
#                            S:\STM32SSC\MSP430\Code\4_key\Debug\Obj\pmm.r43   #
#                            S:\STM32SSC\MSP430\Code\4_key\Debug\Obj\ram.r43   #
#                            S:\STM32SSC\MSP430\Code\4_key\Debug\Obj\ref.r43   #
#                            S:\STM32SSC\MSP430\Code\4_key\Debug\Obj\rtc_a.r43 #
#                            S:\STM32SSC\MSP430\Code\4_key\Debug\Obj\rtc_b.r43 #
#                            S:\STM32SSC\MSP430\Code\4_key\Debug\Obj\rtc_c.r43 #
#                            S:\STM32SSC\MSP430\Code\4_key\Debug\Obj\sd24_b.r4 #
#                            3                                                 #
#                            S:\STM32SSC\MSP430\Code\4_key\Debug\Obj\sfr.r43   #
#                            S:\STM32SSC\MSP430\Code\4_key\Debug\Obj\sysctl.r4 #
#                            3                                                 #
#                            S:\STM32SSC\MSP430\Code\4_key\Debug\Obj\tec.r43   #
#                            S:\STM32SSC\MSP430\Code\4_key\Debug\Obj\timer_a.r #
#                            43                                                #
#                            S:\STM32SSC\MSP430\Code\4_key\Debug\Obj\timer_b.r #
#                            43                                                #
#                            S:\STM32SSC\MSP430\Code\4_key\Debug\Obj\timer_d.r #
#                            43                                                #
#                            S:\STM32SSC\MSP430\Code\4_key\Debug\Obj\tlv.r43   #
#                            S:\STM32SSC\MSP430\Code\4_key\Debug\Obj\ucs.r43   #
#                            S:\STM32SSC\MSP430\Code\4_key\Debug\Obj\usci_a_sp #
#                            i.r43                                             #
#                            S:\STM32SSC\MSP430\Code\4_key\Debug\Obj\usci_a_ua #
#                            rt.r43                                            #
#                            S:\STM32SSC\MSP430\Code\4_key\Debug\Obj\usci_b_i2 #
#                            c.r43                                             #
#                            S:\STM32SSC\MSP430\Code\4_key\Debug\Obj\usci_b_sp #
#                            i.r43                                             #
#                            S:\STM32SSC\MSP430\Code\4_key\Debug\Obj\wdt_a.r43 #
#                            -o                                                #
#                            S:\STM32SSC\MSP430\Code\4_key\Debug\Exe\4_key.d43 #
#                            -l                                                #
#                            S:\STM32SSC\MSP430\Code\4_key\Debug\List\4_key.ma #
#                            p                                                 #
#                            -xms                                              #
#                            "-IR:\Program Files (x86)\IAR Systems\Embedded Wo #
#                            rkbench 8.0\430\LIB\"                             #
#                            -f                                                #
#                            "R:\Program Files (x86)\IAR Systems\Embedded Work #
#                            bench 8.0\430\config\linker\lnk430f5529.xcl"      #
#                            (-cmsp430 -D?CPU30_OFFSET=2 -QCODE_I=CODE_ID      #
#                            -QTLS16_I=TLS16_ID -D__iar_HWMUL=4C0              #
#                            -Z(CONST)INFO=1800-19FF                           #
#                            -Z(CONST)INFOA=1980-19FF                          #
#                            -Z(CONST)INFOB=1900-197F                          #
#                            -Z(CONST)INFOC=1880-18FF                          #
#                            -Z(CONST)INFOD=1800-187F                          #
#                            -Z(DATA)USBRAM=1C00-23FF                          #
#                            -Z(DATA)DATA16_I,DATA16_Z,DATA16_N,TLS16_I=2400-4 #
#                            3FF                                               #
#                            -Z(DATA)DATA16_HEAP+_DATA16_HEAP_SIZE             #
#                            -Z(DATA)CODE_I                                    #
#                            -Z(DATA)DATA20_I,DATA20_Z,DATA20_N,DATA20_HEAP+_D #
#                            ATA20_HEAP_SIZE                                   #
#                            -Z(DATA)CSTACK+_STACK_SIZE#                       #
#                            -Z(CONST)DATA16_C,DATA16_ID,TLS16_ID,DIFUNCT,CHEC #
#                            KSUM=4400-FF7F                                    #
#                            -Z(CODE)CSTART,ISR_CODE,CODE16=4400-FF7F          #
#                            -P(CODE)CODE=4400-FF7F,10000-243FF                #
#                            -Z(CONST)DATA20_C,DATA20_ID,CODE_ID=4400-FF7F,100 #
#                            40-243FF                                          #
#                            -Z(CODE)INTVEC=FF80-FFFF                          #
#                            -Z(CODE)RESET=FFFE-FFFF) -f                       #
#                            "R:\Program Files (x86)\IAR Systems\Embedded Work #
#                            bench 8.0\430\config\linker\multiplier32.xcl"     #
#                            (-e?Mul8Hw=?Mul8 -e?Mul16Hw=?Mul16                #
#                            -e?Mul16to32uHw=?Mul16to32u                       #
#                            -e?Mul16to32sHw=?Mul16to32s -e?Mul32Hw32=?Mul32   #
#                            -e?Mul64Hw32=_Mul64i                              #
#                            -e?Mul32u32uto64iHw32=_Mul32u32uto64i             #
#                            -e?Mul32fHw32=_Mul32f                             #
#                            -e_Mul64fHw32Ptr=_Mul64fPtr) -D_STACK_SIZE=A0     #
#                            -rt                                               #
#                            "R:\Program Files (x86)\IAR Systems\Embedded Work #
#                            bench 8.0\430\lib\dlib\dl430xlsfn.r43"            #
#                            -e_PrintfLarge=_Printf -e_ScanfLarge=_Scanf       #
#                            -D_DATA16_HEAP_SIZE=A0 -s __program_start         #
#                            -D_DATA20_HEAP_SIZE=50)                           #
#                                                                              #
#                           Copyright (C) 1987-2016 IAR Systems AB.            #
################################################################################





                ****************************************
                *                                      *
                *           CROSS REFERENCE            *
                *                                      *
                ****************************************

       Program entry at :           4400  Relocatable, from module : ?cstart




                ****************************************
                *                                      *
                *            RUNTIME MODEL             *
                *                                      *
                ****************************************

  __Heap_Handler             = Basic
  __SystemLibrary            = DLib
  __code_model               = large
  __core                     = 430X
  __data_model               = small
  __dlib_file_descriptor     = 0
  __dlib_full_locale_support = 0
  __double_size              = 32
  __pic                      = no
  __reg_r4                   = free
  __reg_r5                   = free
  __rt_version               = 3

                ****************************************
                *                                      *
                *    AUTOMATIC SYMBOL REDIRECTIONS     *
                *                                      *
                ****************************************

                  There are no automatic symbol redirections.



                ****************************************
                *                                      *
                *              MODULE MAP              *
                *                                      *
                ****************************************


  DEFINED ABSOLUTE ENTRIES
    *************************************************************************

  DEFINED ABSOLUTE ENTRIES
  PROGRAM MODULE, NAME : ?ABS_ENTRY_MOD

Absolute parts
           ENTRY                   ADDRESS         REF BY
           =====                   =======         ======
           _DATA20_HEAP_SIZE       0050 
           _DATA16_HEAP_SIZE       00A0 
           _STACK_SIZE             00A0 
           __iar_HWMUL             04C0 
           ?CPU30_OFFSET           0002 
    *************************************************************************

  FILE NAME : S:\STM32SSC\MSP430\Code\4_key\Debug\Obj\adc10_a.r43
    *************************************************************************

  FILE NAME : S:\STM32SSC\MSP430\Code\4_key\Debug\Obj\adc12_a.r43
    *************************************************************************

  FILE NAME : S:\STM32SSC\MSP430\Code\4_key\Debug\Obj\aes.r43
    *************************************************************************

  FILE NAME : S:\STM32SSC\MSP430\Code\4_key\Debug\Obj\battbak.r43
    *************************************************************************

  FILE NAME : S:\STM32SSC\MSP430\Code\4_key\Debug\Obj\comp_b.r43
    *************************************************************************

  FILE NAME : S:\STM32SSC\MSP430\Code\4_key\Debug\Obj\crc.r43
    *************************************************************************

  FILE NAME : S:\STM32SSC\MSP430\Code\4_key\Debug\Obj\ctsd16.r43
    *************************************************************************

  FILE NAME : S:\STM32SSC\MSP430\Code\4_key\Debug\Obj\dac12_a.r43
    *************************************************************************

  FILE NAME : S:\STM32SSC\MSP430\Code\4_key\Debug\Obj\dma.r43
    *************************************************************************

  FILE NAME : S:\STM32SSC\MSP430\Code\4_key\Debug\Obj\eusci_a_spi.r43
    *************************************************************************

  FILE NAME : S:\STM32SSC\MSP430\Code\4_key\Debug\Obj\eusci_a_uart.r43
    *************************************************************************

  FILE NAME : S:\STM32SSC\MSP430\Code\4_key\Debug\Obj\eusci_b_i2c.r43
    *************************************************************************

  FILE NAME : S:\STM32SSC\MSP430\Code\4_key\Debug\Obj\eusci_b_spi.r43
    *************************************************************************

  FILE NAME : S:\STM32SSC\MSP430\Code\4_key\Debug\Obj\flashctl.r43
    *************************************************************************

  FILE NAME : S:\STM32SSC\MSP430\Code\4_key\Debug\Obj\gpio.r43
    *************************************************************************

  FILE NAME : S:\STM32SSC\MSP430\Code\4_key\Debug\Obj\key.r43
  PROGRAM MODULE, NAME : key

  SEGMENTS IN THE MODULE
  ======================
DATA16_AN
  Relative segment, address: 0200 - 0201 (0x2 bytes), align: 0
  Segment part 1. ROOT        Intra module refs:   PORT1_Key
                                                   PORT2_Key
           ENTRY                   ADDRESS         REF BY
           =====                   =======         ======
           _A_PAIN_L               0200 
           LOCAL                   ADDRESS         
           =====                   =======         
           PAIN                    0200 
           PAIN_H                  0201 
           PAIN_L                  0200 
    -------------------------------------------------------------------------
DATA16_AN
  Relative segment, address: 0202 - 0203 (0x2 bytes), align: 0
  Segment part 2. ROOT        Intra module refs:   Key_Init
                                                   LED_Init (led)
                                                   PORT1_Key
           ENTRY                   ADDRESS         REF BY
           =====                   =======         ======
           _A_PAOUT_L              0202 
           LOCAL                   ADDRESS         
           =====                   =======         
           PAOUT                   0202 
           PAOUT_H                 0203 
           PAOUT_L                 0202 
    -------------------------------------------------------------------------
DATA16_AN
  Relative segment, address: 0204 - 0205 (0x2 bytes), align: 0
  Segment part 3. ROOT        Intra module refs:   Key_Init
                                                   LED_Init (led)
                                                   PORT1_Key
                                                   PORT2_Key
           ENTRY                   ADDRESS         REF BY
           =====                   =======         ======
           _A_PADIR_L              0204 
           LOCAL                   ADDRESS         
           =====                   =======         
           PADIR                   0204 
           PADIR_H                 0205 
           PADIR_L                 0204 
    -------------------------------------------------------------------------
DATA16_AN
  Relative segment, address: 0206 - 0207 (0x2 bytes), align: 0
  Segment part 4. ROOT        Intra module refs:   Key_Init
           ENTRY                   ADDRESS         REF BY
           =====                   =======         ======
           _A_PAREN_L              0206 
           LOCAL                   ADDRESS         
           =====                   =======         
           PAREN                   0206 
           PAREN_H                 0207 
           PAREN_L                 0206 
    -------------------------------------------------------------------------
DATA16_AN
  Relative segment, address: 0218 - 0219 (0x2 bytes), align: 0
  Segment part 5. ROOT        Intra module refs:   Key_Init
           ENTRY                   ADDRESS         REF BY
           =====                   =======         ======
           _A_PAIES_L              0218 
           LOCAL                   ADDRESS         
           =====                   =======         
           PAIES                   0218 
           PAIES_H                 0219 
           PAIES_L                 0218 
    -------------------------------------------------------------------------
DATA16_AN
  Relative segment, address: 021A - 021B (0x2 bytes), align: 0
  Segment part 6. ROOT        Intra module refs:   Key_Init
           ENTRY                   ADDRESS         REF BY
           =====                   =======         ======
           _A_PAIE_L               021A 
           LOCAL                   ADDRESS         
           =====                   =======         
           PAIE                    021A 
           PAIE_H                  021B 
           PAIE_L                  021A 
    -------------------------------------------------------------------------
DATA16_AN
  Relative segment, address: 021C - 021D (0x2 bytes), align: 0
  Segment part 7. ROOT        Intra module refs:   Key_Init
                                                   PORT1_Key
                                                   PORT2_Key
           ENTRY                   ADDRESS         REF BY
           =====                   =======         ======
           _A_PAIFG_L              021C 
           LOCAL                   ADDRESS         
           =====                   =======         
           PAIFG                   021C 
           PAIFG_H                 021D 
           PAIFG_L                 021C 
    -------------------------------------------------------------------------
DATA16_AN
  Relative segment, address: 0222 - 0223 (0x2 bytes), align: 0
  Segment part 8. ROOT        Intra module refs:   LED_Init (led)
                                                   PORT2_Key
           ENTRY                   ADDRESS         REF BY
           =====                   =======         ======
           _A_PBOUT_L              0222 
           LOCAL                   ADDRESS         
           =====                   =======         
           PBOUT                   0222 
           PBOUT_H                 0223 
           PBOUT_L                 0222 
    -------------------------------------------------------------------------
<CODE> 1 (was CODE)
  Relative segment, address: 446E - 44A3 (0x36 bytes), align: 1
  Segment part 12.
           ENTRY                   ADDRESS         REF BY
           =====                   =======         ======
           Key_Init                446E            main (main)
    -------------------------------------------------------------------------
ISR_CODE
  Relative segment, address: 440C - 443B (0x30 bytes), align: 1
  Segment part 13.            Intra module refs:   PORT1_Key::??INTVEC 94
           ENTRY                   ADDRESS         REF BY
           =====                   =======         ======
           PORT1_Key               440C 
               interrupt function
    -------------------------------------------------------------------------
ISR_CODE
  Relative segment, address: 443C - 446D (0x32 bytes), align: 1
  Segment part 14.            Intra module refs:   PORT2_Key::??INTVEC 84
           ENTRY                   ADDRESS         REF BY
           =====                   =======         ======
           PORT2_Key               443C 
               interrupt function
    -------------------------------------------------------------------------
INTVEC
  Common segment, address: FF80 - FFD5 (0x56 bytes), align: 1
  Segment part 9. ROOT 
           ENTRY                   ADDRESS         REF BY
           =====                   =======         ======
           PORT2_Key::??INTVEC 84
                                   FFD4 
    -------------------------------------------------------------------------
INTVEC
  Common segment, address: FF80 - FFDF (0x60 bytes), align: 1
  Segment part 10. ROOT 
           ENTRY                   ADDRESS         REF BY
           =====                   =======         ======
           PORT1_Key::??INTVEC 94
                                   FFDE 

    *************************************************************************

  FILE NAME : S:\STM32SSC\MSP430\Code\4_key\Debug\Obj\lcd_b.r43
    *************************************************************************

  FILE NAME : S:\STM32SSC\MSP430\Code\4_key\Debug\Obj\lcd_c.r43
    *************************************************************************

  FILE NAME : S:\STM32SSC\MSP430\Code\4_key\Debug\Obj\ldopwr.r43
    *************************************************************************

  FILE NAME : S:\STM32SSC\MSP430\Code\4_key\Debug\Obj\led.r43
  PROGRAM MODULE, NAME : led

  SEGMENTS IN THE MODULE
  ======================
DATA16_AN
  Relative segment, address: 020A - 020B (0x2 bytes), align: 0
  Segment part 3. ROOT        Intra module refs:   LED_Init
           ENTRY                   ADDRESS         REF BY
           =====                   =======         ======
           _A_PASEL_L              020A 
           LOCAL                   ADDRESS         
           =====                   =======         
           PASEL                   020A 
           PASEL_H                 020B 
           PASEL_L                 020A 
    -------------------------------------------------------------------------
DATA16_AN
  Relative segment, address: 0224 - 0225 (0x2 bytes), align: 0
  Segment part 5. ROOT        Intra module refs:   LED_Init
           ENTRY                   ADDRESS         REF BY
           =====                   =======         ======
           _A_PBDIR_L              0224 
           LOCAL                   ADDRESS         
           =====                   =======         
           PBDIR                   0224 
           PBDIR_H                 0225 
           PBDIR_L                 0224 
    -------------------------------------------------------------------------
DATA16_AN
  Relative segment, address: 022A - 022B (0x2 bytes), align: 0
  Segment part 6. ROOT        Intra module refs:   LED_Init
           ENTRY                   ADDRESS         REF BY
           =====                   =======         ======
           _A_PBSEL_L              022A 
           LOCAL                   ADDRESS         
           =====                   =======         
           PBSEL                   022A 
           PBSEL_H                 022B 
           PBSEL_L                 022A 
    -------------------------------------------------------------------------
<CODE> 1 (was CODE)
  Relative segment, address: 44A4 - 44C3 (0x20 bytes), align: 1
  Segment part 8.
           ENTRY                   ADDRESS         REF BY
           =====                   =======         ======
           LED_Init                44A4            main (main)

    *************************************************************************

  FILE NAME : S:\STM32SSC\MSP430\Code\4_key\Debug\Obj\main.r43
  PROGRAM MODULE, NAME : main

  SEGMENTS IN THE MODULE
  ======================
DATA16_AN
  Relative segment, address: 015C - 015D (0x2 bytes), align: 0
  Segment part 1. ROOT        Intra module refs:   main
           ENTRY                   ADDRESS         REF BY
           =====                   =======         ======
           _A_WDTCTL_L             015C 
           LOCAL                   ADDRESS         
           =====                   =======         
           WDTCTL                  015C 
           WDTCTL_H                015D 
           WDTCTL_L                015C 
    -------------------------------------------------------------------------
<CODE> 1 (was CODE)
  Relative segment, address: 44D8 - 44E9 (0x12 bytes), align: 1
  Segment part 3.
           ENTRY                   ADDRESS         REF BY
           =====                   =======         ======
           main                    44D8            Segment part 26 (?cstart)
               calls direct

    *************************************************************************

  FILE NAME : S:\STM32SSC\MSP430\Code\4_key\Debug\Obj\mpy32.r43
    *************************************************************************

  FILE NAME : S:\STM32SSC\MSP430\Code\4_key\Debug\Obj\oa.r43
    *************************************************************************

  FILE NAME : S:\STM32SSC\MSP430\Code\4_key\Debug\Obj\pmap.r43
    *************************************************************************

  FILE NAME : S:\STM32SSC\MSP430\Code\4_key\Debug\Obj\pmm.r43
    *************************************************************************

  FILE NAME : S:\STM32SSC\MSP430\Code\4_key\Debug\Obj\ram.r43
    *************************************************************************

  FILE NAME : S:\STM32SSC\MSP430\Code\4_key\Debug\Obj\ref.r43
    *************************************************************************

  FILE NAME : S:\STM32SSC\MSP430\Code\4_key\Debug\Obj\rtc_a.r43
    *************************************************************************

  FILE NAME : S:\STM32SSC\MSP430\Code\4_key\Debug\Obj\rtc_b.r43
    *************************************************************************

  FILE NAME : S:\STM32SSC\MSP430\Code\4_key\Debug\Obj\rtc_c.r43
    *************************************************************************

  FILE NAME : S:\STM32SSC\MSP430\Code\4_key\Debug\Obj\sd24_b.r43
    *************************************************************************

  FILE NAME : S:\STM32SSC\MSP430\Code\4_key\Debug\Obj\sfr.r43
    *************************************************************************

  FILE NAME : S:\STM32SSC\MSP430\Code\4_key\Debug\Obj\sysctl.r43
    *************************************************************************

  FILE NAME : S:\STM32SSC\MSP430\Code\4_key\Debug\Obj\tec.r43
    *************************************************************************

  FILE NAME : S:\STM32SSC\MSP430\Code\4_key\Debug\Obj\timer_a.r43
    *************************************************************************

  FILE NAME : S:\STM32SSC\MSP430\Code\4_key\Debug\Obj\timer_b.r43
    *************************************************************************

  FILE NAME : S:\STM32SSC\MSP430\Code\4_key\Debug\Obj\timer_d.r43
    *************************************************************************

  FILE NAME : S:\STM32SSC\MSP430\Code\4_key\Debug\Obj\tlv.r43
    *************************************************************************

  FILE NAME : S:\STM32SSC\MSP430\Code\4_key\Debug\Obj\ucs.r43
    *************************************************************************

  FILE NAME : S:\STM32SSC\MSP430\Code\4_key\Debug\Obj\usci_a_spi.r43
    *************************************************************************

  FILE NAME : S:\STM32SSC\MSP430\Code\4_key\Debug\Obj\usci_a_uart.r43
    *************************************************************************

  FILE NAME : S:\STM32SSC\MSP430\Code\4_key\Debug\Obj\usci_b_i2c.r43
    *************************************************************************

  FILE NAME : S:\STM32SSC\MSP430\Code\4_key\Debug\Obj\usci_b_spi.r43
    *************************************************************************

  FILE NAME : S:\STM32SSC\MSP430\Code\4_key\Debug\Obj\wdt_a.r43
    *************************************************************************

  FILE NAME : R:\Program Files (x86)\IAR Systems\Embedded Workbench 8.0\430\lib\dlib\dl430xlsfn.r43
  LIBRARY MODULE, NAME : ?__dbg_break

  SEGMENTS IN THE MODULE
  ======================
<CODE> 1 (was CODE)
  Relative segment, address: 44F2 - 44F3 (0x2 bytes), align: 1
  Segment part 2.
           ENTRY                   ADDRESS         REF BY
           =====                   =======         ======
           __DebugBreak            44F2            __exit (?__exit)

    -------------------------------------------------------------------------
  LIBRARY MODULE, NAME : ?__exit

  SEGMENTS IN THE MODULE
  ======================
<CODE> 1 (was CODE)
  Relative segment, address: 44C4 - 44D7 (0x14 bytes), align: 1
  Segment part 2.
           ENTRY                   ADDRESS         REF BY
           =====                   =======         ======
           __exit                  44C4            Segment part 6 (?_exit)
                                                   _exit (?_exit)
               calls direct

    -------------------------------------------------------------------------
  LIBRARY MODULE, NAME : ?_exit

  SEGMENTS IN THE MODULE
  ======================
<CODE> 1 (was CODE)
  Relative segment, address: 44EA, align: 1
  Segment part 0.
           ENTRY                   ADDRESS         REF BY
           =====                   =======         ======
           _exit                   44EA            exit (?exit)
    -------------------------------------------------------------------------
<CODE> 1 (was CODE)
  Relative segment, address: 44EA - 44ED (0x4 bytes), align: 1
  Segment part 6.             Intra module refs:   _exit

    -------------------------------------------------------------------------
  LIBRARY MODULE, NAME : ?cstart

  SEGMENTS IN THE MODULE
  ======================
CSTACK
  Relative segment, address: 4360, align: 1
  Segment part 1.
    -------------------------------------------------------------------------
CODE_I
  Relative segment, address: 2400, align: 1
  Segment part 5.
    -------------------------------------------------------------------------
CODE_ID
  Relative segment, address: 44F4, align: 1
  Segment part 6.
    -------------------------------------------------------------------------
DATA20_Z
  Relative segment, address: 2400, align: 1
  Segment part 7.
    -------------------------------------------------------------------------
DATA20_I
  Relative segment, address: 2400, align: 1
  Segment part 8.
    -------------------------------------------------------------------------
DATA20_ID
  Relative segment, address: 44F4, align: 1
  Segment part 9.
    -------------------------------------------------------------------------
DATA20_C
  Relative segment, address: 44F4, align: 1
  Segment part 10.
    -------------------------------------------------------------------------
DATA20_N
  Relative segment, address: 2400, align: 1
  Segment part 12.
    -------------------------------------------------------------------------
CSTART
  Relative segment, address: 4400 - 4403 (0x4 bytes), align: 1
  Segment part 15.
           ENTRY                   ADDRESS         REF BY
           =====                   =======         ======
           __program_start         4400            ?reset_vector (?reset_vector)
                                                   Absolute parts (?ABS_ENTRY_MOD)
           ?cstart_begin           4400 
    -------------------------------------------------------------------------
CSTART
  Relative segment, address: 4404 - 440B (0x8 bytes), align: 1
  Segment part 26.            Intra module refs:   Segment part 15
           ENTRY                   ADDRESS         REF BY
           =====                   =======         ======
           ?cstart_call_main       4404 
           ?cstart_end             440C 
    -------------------------------------------------------------------------
CODE_ID
  Relative segment, address: 44F4, align: 1
  Segment part 27.            Intra module refs:   Segment part 5

    -------------------------------------------------------------------------
  LIBRARY MODULE, NAME : ?reset_vector

  SEGMENTS IN THE MODULE
  ======================
RESET
  Relative segment, address: FFFE - FFFF (0x2 bytes), align: 1
  Segment part 0.
           ENTRY                   ADDRESS         REF BY
           =====                   =======         ======
           ?reset_vector           FFFE            Segment part 15 (?cstart)

    -------------------------------------------------------------------------
  LIBRARY MODULE, NAME : ?exit

  SEGMENTS IN THE MODULE
  ======================
<CODE> 1 (was CODE)
  Relative segment, address: 44EE - 44F1 (0x4 bytes), align: 1
  Segment part 2.
           ENTRY                   ADDRESS         REF BY
           =====                   =======         ======
           exit                    44EE            Segment part 26 (?cstart)
               calls direct




                ****************************************
                *                                      *
                *      SEGMENTS IN ADDRESS ORDER       *
                *                                      *
                ****************************************


SEGMENT              SPACE    START ADDRESS   END ADDRESS     SIZE  TYPE  ALIGN
=======              =====    =============   ===========     ====  ====  =====
DATA16_AN                              015C - 015D               2   rel    0
                                       0200 - 0207               8 
                                       020A - 020B               2 
                                       0218 - 021D               6 
                                       0222 - 0225               4 
                                       022A - 022B               2 
DATA20_Z                                  2400                       rel    1
DATA20_I                                  2400                       rel    1
CODE_I                                    2400                       rel    1
DATA20_N                                  2400                       rel    1
CSTACK                                 4360 - 43FF              A0   rel    1
CSTART                                 4400 - 440B               C   rel    1
ISR_CODE                               440C - 446D              62   rel    1
<CODE> 1                               446E - 44F3              86   rel    1
DATA20_C                                  44F4                       rel    1
DATA20_ID                                 44F4                       rel    1
CODE_ID                                   44F4                       rel    1
INTVEC                                 FF80 - FFDF              60   com    1
RESET                                  FFFE - FFFF               2   rel    1

                ****************************************
                *                                      *
                *        END OF CROSS REFERENCE        *
                *                                      *
                ****************************************

 342 bytes of CODE memory
 160 bytes of DATA memory (+ 24 absolute )

Errors: none
Warnings: none

