################################################################################
#                                                                              #
#      IAR Universal Linker V6.4.6.89                                          #
#                                                                              #
#           Link time     =  24/Jul/2023  16:23:45                             #
#           Target CPU    =  MSP430                                            #
#           List file     =  S:\STM32SSC\MSP430\Code\3_library_led\Debug\List\ #
#                            library_led.map                                   #
#           Output file 1 =  S:\STM32SSC\MSP430\Code\3_library_led\Debug\Exe\l #
#                            ibrary_led.d43                                    #
#                            Format: ubrof10                                   #
#                            UBROF version 10.0.6                              #
#                            Using library modules for C-SPY (-rt)             #
#           Command line  =  -f C:\Users\ssc\AppData\Local\Temp\EWF6DB.tmp     #
#                            (S:\STM32SSC\MSP430\Code\3_library_led\Debug\Obj\ #
#                            adc10_a.r43                                       #
#                            S:\STM32SSC\MSP430\Code\3_library_led\Debug\Obj\a #
#                            dc12_a.r43                                        #
#                            S:\STM32SSC\MSP430\Code\3_library_led\Debug\Obj\a #
#                            es.r43                                            #
#                            S:\STM32SSC\MSP430\Code\3_library_led\Debug\Obj\b #
#                            attbak.r43                                        #
#                            S:\STM32SSC\MSP430\Code\3_library_led\Debug\Obj\c #
#                            omp_b.r43                                         #
#                            S:\STM32SSC\MSP430\Code\3_library_led\Debug\Obj\c #
#                            rc.r43                                            #
#                            S:\STM32SSC\MSP430\Code\3_library_led\Debug\Obj\c #
#                            tsd16.r43                                         #
#                            S:\STM32SSC\MSP430\Code\3_library_led\Debug\Obj\d #
#                            ac12_a.r43                                        #
#                            S:\STM32SSC\MSP430\Code\3_library_led\Debug\Obj\d #
#                            ma.r43                                            #
#                            S:\STM32SSC\MSP430\Code\3_library_led\Debug\Obj\e #
#                            usci_a_spi.r43                                    #
#                            S:\STM32SSC\MSP430\Code\3_library_led\Debug\Obj\e #
#                            usci_a_uart.r43                                   #
#                            S:\STM32SSC\MSP430\Code\3_library_led\Debug\Obj\e #
#                            usci_b_i2c.r43                                    #
#                            S:\STM32SSC\MSP430\Code\3_library_led\Debug\Obj\e #
#                            usci_b_spi.r43                                    #
#                            S:\STM32SSC\MSP430\Code\3_library_led\Debug\Obj\f #
#                            lashctl.r43                                       #
#                            S:\STM32SSC\MSP430\Code\3_library_led\Debug\Obj\g #
#                            pio.r43                                           #
#                            S:\STM32SSC\MSP430\Code\3_library_led\Debug\Obj\l #
#                            cd_b.r43                                          #
#                            S:\STM32SSC\MSP430\Code\3_library_led\Debug\Obj\l #
#                            cd_c.r43                                          #
#                            S:\STM32SSC\MSP430\Code\3_library_led\Debug\Obj\l #
#                            dopwr.r43                                         #
#                            S:\STM32SSC\MSP430\Code\3_library_led\Debug\Obj\m #
#                            ain.r43                                           #
#                            S:\STM32SSC\MSP430\Code\3_library_led\Debug\Obj\m #
#                            py32.r43                                          #
#                            S:\STM32SSC\MSP430\Code\3_library_led\Debug\Obj\o #
#                            a.r43                                             #
#                            S:\STM32SSC\MSP430\Code\3_library_led\Debug\Obj\p #
#                            map.r43                                           #
#                            S:\STM32SSC\MSP430\Code\3_library_led\Debug\Obj\p #
#                            mm.r43                                            #
#                            S:\STM32SSC\MSP430\Code\3_library_led\Debug\Obj\r #
#                            am.r43                                            #
#                            S:\STM32SSC\MSP430\Code\3_library_led\Debug\Obj\r #
#                            ef.r43                                            #
#                            S:\STM32SSC\MSP430\Code\3_library_led\Debug\Obj\r #
#                            tc_a.r43                                          #
#                            S:\STM32SSC\MSP430\Code\3_library_led\Debug\Obj\r #
#                            tc_b.r43                                          #
#                            S:\STM32SSC\MSP430\Code\3_library_led\Debug\Obj\r #
#                            tc_c.r43                                          #
#                            S:\STM32SSC\MSP430\Code\3_library_led\Debug\Obj\s #
#                            d24_b.r43                                         #
#                            S:\STM32SSC\MSP430\Code\3_library_led\Debug\Obj\s #
#                            fr.r43                                            #
#                            S:\STM32SSC\MSP430\Code\3_library_led\Debug\Obj\s #
#                            ysctl.r43                                         #
#                            S:\STM32SSC\MSP430\Code\3_library_led\Debug\Obj\t #
#                            ec.r43                                            #
#                            S:\STM32SSC\MSP430\Code\3_library_led\Debug\Obj\t #
#                            imer_a.r43                                        #
#                            S:\STM32SSC\MSP430\Code\3_library_led\Debug\Obj\t #
#                            imer_b.r43                                        #
#                            S:\STM32SSC\MSP430\Code\3_library_led\Debug\Obj\t #
#                            imer_d.r43                                        #
#                            S:\STM32SSC\MSP430\Code\3_library_led\Debug\Obj\t #
#                            lv.r43                                            #
#                            S:\STM32SSC\MSP430\Code\3_library_led\Debug\Obj\u #
#                            cs.r43                                            #
#                            S:\STM32SSC\MSP430\Code\3_library_led\Debug\Obj\u #
#                            sci_a_spi.r43                                     #
#                            S:\STM32SSC\MSP430\Code\3_library_led\Debug\Obj\u #
#                            sci_a_uart.r43                                    #
#                            S:\STM32SSC\MSP430\Code\3_library_led\Debug\Obj\u #
#                            sci_b_i2c.r43                                     #
#                            S:\STM32SSC\MSP430\Code\3_library_led\Debug\Obj\u #
#                            sci_b_spi.r43                                     #
#                            S:\STM32SSC\MSP430\Code\3_library_led\Debug\Obj\w #
#                            dt_a.r43                                          #
#                            -o                                                #
#                            S:\STM32SSC\MSP430\Code\3_library_led\Debug\Exe\l #
#                            ibrary_led.d43                                    #
#                            -l                                                #
#                            S:\STM32SSC\MSP430\Code\3_library_led\Debug\List\ #
#                            library_led.map                                   #
#                            -xms                                              #
#                            "-IR:\Program Files (x86)\IAR Systems\Embedded Wo #
#                            rkbench 8.0\430\LIB\"                             #
#                            -f                                                #
#                            "R:\Program Files (x86)\IAR Systems\Embedded Work #
#                            bench 8.0\430\config\linker\lnk430f5529.xcl"      #
#                            (-cmsp430 -D?CPU30_OFFSET=2 -QCODE_I=CODE_ID      #
#                            -QTLS16_I=TLS16_ID -D__iar_HWMUL=4C0              #
#                            -Z(CONST)INFO=1800-19FF                           #
#                            -Z(CONST)INFOA=1980-19FF                          #
#                            -Z(CONST)INFOB=1900-197F                          #
#                            -Z(CONST)INFOC=1880-18FF                          #
#                            -Z(CONST)INFOD=1800-187F                          #
#                            -Z(DATA)USBRAM=1C00-23FF                          #
#                            -Z(DATA)DATA16_I,DATA16_Z,DATA16_N,TLS16_I=2400-4 #
#                            3FF                                               #
#                            -Z(DATA)DATA16_HEAP+_DATA16_HEAP_SIZE             #
#                            -Z(DATA)CODE_I                                    #
#                            -Z(DATA)DATA20_I,DATA20_Z,DATA20_N,DATA20_HEAP+_D #
#                            ATA20_HEAP_SIZE                                   #
#                            -Z(DATA)CSTACK+_STACK_SIZE#                       #
#                            -Z(CONST)DATA16_C,DATA16_ID,TLS16_ID,DIFUNCT,CHEC #
#                            KSUM=4400-FF7F                                    #
#                            -Z(CODE)CSTART,ISR_CODE,CODE16=4400-FF7F          #
#                            -P(CODE)CODE=4400-FF7F,10000-243FF                #
#                            -Z(CONST)DATA20_C,DATA20_ID,CODE_ID=4400-FF7F,100 #
#                            40-243FF                                          #
#                            -Z(CODE)INTVEC=FF80-FFFF                          #
#                            -Z(CODE)RESET=FFFE-FFFF) -f                       #
#                            "R:\Program Files (x86)\IAR Systems\Embedded Work #
#                            bench 8.0\430\config\linker\multiplier32.xcl"     #
#                            (-e?Mul8Hw=?Mul8 -e?Mul16Hw=?Mul16                #
#                            -e?Mul16to32uHw=?Mul16to32u                       #
#                            -e?Mul16to32sHw=?Mul16to32s -e?Mul32Hw32=?Mul32   #
#                            -e?Mul64Hw32=_Mul64i                              #
#                            -e?Mul32u32uto64iHw32=_Mul32u32uto64i             #
#                            -e?Mul32fHw32=_Mul32f                             #
#                            -e_Mul64fHw32Ptr=_Mul64fPtr) -D_STACK_SIZE=A0     #
#                            -rt                                               #
#                            "R:\Program Files (x86)\IAR Systems\Embedded Work #
#                            bench 8.0\430\lib\dlib\dl430xlsfn.r43"            #
#                            -e_PrintfLarge=_Printf -e_ScanfLarge=_Scanf       #
#                            -D_DATA16_HEAP_SIZE=A0 -s __program_start         #
#                            -D_DATA20_HEAP_SIZE=50)                           #
#                                                                              #
#                           Copyright (C) 1987-2016 IAR Systems AB.            #
################################################################################





                ****************************************
                *                                      *
                *           CROSS REFERENCE            *
                *                                      *
                ****************************************

       Program entry at :           441C  Relocatable, from module : ?cstart




                ****************************************
                *                                      *
                *            RUNTIME MODEL             *
                *                                      *
                ****************************************

  __Heap_Handler             = Basic
  __SystemLibrary            = DLib
  __code_model               = large
  __core                     = 430X
  __data_model               = small
  __dlib_file_descriptor     = 0
  __dlib_full_locale_support = 0
  __double_size              = 32
  __pic                      = no
  __reg_r4                   = free
  __reg_r5                   = free
  __rt_version               = 3

                ****************************************
                *                                      *
                *    AUTOMATIC SYMBOL REDIRECTIONS     *
                *                                      *
                ****************************************

                  There are no automatic symbol redirections.



                ****************************************
                *                                      *
                *              MODULE MAP              *
                *                                      *
                ****************************************


  DEFINED ABSOLUTE ENTRIES
    *************************************************************************

  DEFINED ABSOLUTE ENTRIES
  PROGRAM MODULE, NAME : ?ABS_ENTRY_MOD

Absolute parts
           ENTRY                   ADDRESS         REF BY
           =====                   =======         ======
           _DATA20_HEAP_SIZE       0050 
           _DATA16_HEAP_SIZE       00A0 
           _STACK_SIZE             00A0 
           __iar_HWMUL             04C0 
           ?CPU30_OFFSET           0002 
    *************************************************************************

  FILE NAME : S:\STM32SSC\MSP430\Code\3_library_led\Debug\Obj\adc10_a.r43
    *************************************************************************

  FILE NAME : S:\STM32SSC\MSP430\Code\3_library_led\Debug\Obj\adc12_a.r43
    *************************************************************************

  FILE NAME : S:\STM32SSC\MSP430\Code\3_library_led\Debug\Obj\aes.r43
    *************************************************************************

  FILE NAME : S:\STM32SSC\MSP430\Code\3_library_led\Debug\Obj\battbak.r43
    *************************************************************************

  FILE NAME : S:\STM32SSC\MSP430\Code\3_library_led\Debug\Obj\comp_b.r43
    *************************************************************************

  FILE NAME : S:\STM32SSC\MSP430\Code\3_library_led\Debug\Obj\crc.r43
    *************************************************************************

  FILE NAME : S:\STM32SSC\MSP430\Code\3_library_led\Debug\Obj\ctsd16.r43
    *************************************************************************

  FILE NAME : S:\STM32SSC\MSP430\Code\3_library_led\Debug\Obj\dac12_a.r43
    *************************************************************************

  FILE NAME : S:\STM32SSC\MSP430\Code\3_library_led\Debug\Obj\dma.r43
    *************************************************************************

  FILE NAME : S:\STM32SSC\MSP430\Code\3_library_led\Debug\Obj\eusci_a_spi.r43
    *************************************************************************

  FILE NAME : S:\STM32SSC\MSP430\Code\3_library_led\Debug\Obj\eusci_a_uart.r43
    *************************************************************************

  FILE NAME : S:\STM32SSC\MSP430\Code\3_library_led\Debug\Obj\eusci_b_i2c.r43
    *************************************************************************

  FILE NAME : S:\STM32SSC\MSP430\Code\3_library_led\Debug\Obj\eusci_b_spi.r43
    *************************************************************************

  FILE NAME : S:\STM32SSC\MSP430\Code\3_library_led\Debug\Obj\flashctl.r43
    *************************************************************************

  FILE NAME : S:\STM32SSC\MSP430\Code\3_library_led\Debug\Obj\gpio.r43
  PROGRAM MODULE, NAME : gpio

  SEGMENTS IN THE MODULE
  ======================
DATA16_C
  Relative segment, address: 4400 - 441B (0x1c bytes), align: 1
  Segment part 2.             Intra module refs:   GPIO_setAsOutputPin
                                                   GPIO_setOutputHighOnPin
           LOCAL                   ADDRESS         
           =====                   =======         
           GPIO_PORT_TO_BASE       4400 
    -------------------------------------------------------------------------
<CODE> 1 (was CODE)
  Relative segment, address: 4428 - 4451 (0x2a bytes), align: 1
  Segment part 3.
           ENTRY                   ADDRESS         REF BY
           =====                   =======         ======
           GPIO_setAsOutputPin     4428            main (main)
    -------------------------------------------------------------------------
<CODE> 1 (was CODE)
  Relative segment, address: 4452 - 4471 (0x20 bytes), align: 1
  Segment part 7.
           ENTRY                   ADDRESS         REF BY
           =====                   =======         ======
           GPIO_setOutputHighOnPin
                                   4452            main (main)

    *************************************************************************

  FILE NAME : S:\STM32SSC\MSP430\Code\3_library_led\Debug\Obj\lcd_b.r43
    *************************************************************************

  FILE NAME : S:\STM32SSC\MSP430\Code\3_library_led\Debug\Obj\lcd_c.r43
    *************************************************************************

  FILE NAME : S:\STM32SSC\MSP430\Code\3_library_led\Debug\Obj\ldopwr.r43
    *************************************************************************

  FILE NAME : S:\STM32SSC\MSP430\Code\3_library_led\Debug\Obj\main.r43
  PROGRAM MODULE, NAME : main

  SEGMENTS IN THE MODULE
  ======================
<CODE> 1 (was CODE)
  Relative segment, address: 448E - 44A9 (0x1c bytes), align: 1
  Segment part 2.
           ENTRY                   ADDRESS         REF BY
           =====                   =======         ======
           main                    448E            Segment part 26 (?cstart)
               calls direct

    *************************************************************************

  FILE NAME : S:\STM32SSC\MSP430\Code\3_library_led\Debug\Obj\mpy32.r43
    *************************************************************************

  FILE NAME : S:\STM32SSC\MSP430\Code\3_library_led\Debug\Obj\oa.r43
    *************************************************************************

  FILE NAME : S:\STM32SSC\MSP430\Code\3_library_led\Debug\Obj\pmap.r43
    *************************************************************************

  FILE NAME : S:\STM32SSC\MSP430\Code\3_library_led\Debug\Obj\pmm.r43
    *************************************************************************

  FILE NAME : S:\STM32SSC\MSP430\Code\3_library_led\Debug\Obj\ram.r43
    *************************************************************************

  FILE NAME : S:\STM32SSC\MSP430\Code\3_library_led\Debug\Obj\ref.r43
    *************************************************************************

  FILE NAME : S:\STM32SSC\MSP430\Code\3_library_led\Debug\Obj\rtc_a.r43
    *************************************************************************

  FILE NAME : S:\STM32SSC\MSP430\Code\3_library_led\Debug\Obj\rtc_b.r43
    *************************************************************************

  FILE NAME : S:\STM32SSC\MSP430\Code\3_library_led\Debug\Obj\rtc_c.r43
    *************************************************************************

  FILE NAME : S:\STM32SSC\MSP430\Code\3_library_led\Debug\Obj\sd24_b.r43
    *************************************************************************

  FILE NAME : S:\STM32SSC\MSP430\Code\3_library_led\Debug\Obj\sfr.r43
    *************************************************************************

  FILE NAME : S:\STM32SSC\MSP430\Code\3_library_led\Debug\Obj\sysctl.r43
    *************************************************************************

  FILE NAME : S:\STM32SSC\MSP430\Code\3_library_led\Debug\Obj\tec.r43
    *************************************************************************

  FILE NAME : S:\STM32SSC\MSP430\Code\3_library_led\Debug\Obj\timer_a.r43
    *************************************************************************

  FILE NAME : S:\STM32SSC\MSP430\Code\3_library_led\Debug\Obj\timer_b.r43
    *************************************************************************

  FILE NAME : S:\STM32SSC\MSP430\Code\3_library_led\Debug\Obj\timer_d.r43
    *************************************************************************

  FILE NAME : S:\STM32SSC\MSP430\Code\3_library_led\Debug\Obj\tlv.r43
    *************************************************************************

  FILE NAME : S:\STM32SSC\MSP430\Code\3_library_led\Debug\Obj\ucs.r43
    *************************************************************************

  FILE NAME : S:\STM32SSC\MSP430\Code\3_library_led\Debug\Obj\usci_a_spi.r43
    *************************************************************************

  FILE NAME : S:\STM32SSC\MSP430\Code\3_library_led\Debug\Obj\usci_a_uart.r43
    *************************************************************************

  FILE NAME : S:\STM32SSC\MSP430\Code\3_library_led\Debug\Obj\usci_b_i2c.r43
    *************************************************************************

  FILE NAME : S:\STM32SSC\MSP430\Code\3_library_led\Debug\Obj\usci_b_spi.r43
    *************************************************************************

  FILE NAME : S:\STM32SSC\MSP430\Code\3_library_led\Debug\Obj\wdt_a.r43
  PROGRAM MODULE, NAME : wdt_a

  SEGMENTS IN THE MODULE
  ======================
<CODE> 1 (was CODE)
  Relative segment, address: 4472 - 448D (0x1c bytes), align: 1
  Segment part 2.
           ENTRY                   ADDRESS         REF BY
           =====                   =======         ======
           WDT_A_hold              4472            main (main)

    *************************************************************************

  FILE NAME : R:\Program Files (x86)\IAR Systems\Embedded Workbench 8.0\430\lib\dlib\dl430xlsfn.r43
  LIBRARY MODULE, NAME : ?__dbg_break

  SEGMENTS IN THE MODULE
  ======================
<CODE> 1 (was CODE)
  Relative segment, address: 44C6 - 44C7 (0x2 bytes), align: 1
  Segment part 2.
           ENTRY                   ADDRESS         REF BY
           =====                   =======         ======
           __DebugBreak            44C6            __exit (?__exit)

    -------------------------------------------------------------------------
  LIBRARY MODULE, NAME : ?__exit

  SEGMENTS IN THE MODULE
  ======================
<CODE> 1 (was CODE)
  Relative segment, address: 44AA - 44BD (0x14 bytes), align: 1
  Segment part 2.
           ENTRY                   ADDRESS         REF BY
           =====                   =======         ======
           __exit                  44AA            Segment part 6 (?_exit)
                                                   _exit (?_exit)
               calls direct

    -------------------------------------------------------------------------
  LIBRARY MODULE, NAME : ?_exit

  SEGMENTS IN THE MODULE
  ======================
<CODE> 1 (was CODE)
  Relative segment, address: 44BE, align: 1
  Segment part 0.
           ENTRY                   ADDRESS         REF BY
           =====                   =======         ======
           _exit                   44BE            exit (?exit)
    -------------------------------------------------------------------------
<CODE> 1 (was CODE)
  Relative segment, address: 44BE - 44C1 (0x4 bytes), align: 1
  Segment part 6.             Intra module refs:   _exit

    -------------------------------------------------------------------------
  LIBRARY MODULE, NAME : ?cstart

  SEGMENTS IN THE MODULE
  ======================
CSTACK
  Relative segment, address: 4360, align: 1
  Segment part 1.
    -------------------------------------------------------------------------
CODE_I
  Relative segment, address: 2400, align: 1
  Segment part 5.
    -------------------------------------------------------------------------
CODE_ID
  Relative segment, address: 44C8, align: 1
  Segment part 6.
    -------------------------------------------------------------------------
DATA20_Z
  Relative segment, address: 2400, align: 1
  Segment part 7.
    -------------------------------------------------------------------------
DATA20_I
  Relative segment, address: 2400, align: 1
  Segment part 8.
    -------------------------------------------------------------------------
DATA20_ID
  Relative segment, address: 44C8, align: 1
  Segment part 9.
    -------------------------------------------------------------------------
DATA20_C
  Relative segment, address: 44C8, align: 1
  Segment part 10.
    -------------------------------------------------------------------------
DATA20_N
  Relative segment, address: 2400, align: 1
  Segment part 12.
    -------------------------------------------------------------------------
CSTART
  Relative segment, address: 441C - 441F (0x4 bytes), align: 1
  Segment part 15.
           ENTRY                   ADDRESS         REF BY
           =====                   =======         ======
           __program_start         441C            ?reset_vector (?reset_vector)
                                                   Absolute parts (?ABS_ENTRY_MOD)
           ?cstart_begin           441C 
    -------------------------------------------------------------------------
CSTART
  Relative segment, address: 4420 - 4427 (0x8 bytes), align: 1
  Segment part 26.            Intra module refs:   Segment part 15
           ENTRY                   ADDRESS         REF BY
           =====                   =======         ======
           ?cstart_call_main       4420 
           ?cstart_end             4428 
    -------------------------------------------------------------------------
CODE_ID
  Relative segment, address: 44C8, align: 1
  Segment part 27.            Intra module refs:   Segment part 5

    -------------------------------------------------------------------------
  LIBRARY MODULE, NAME : ?reset_vector

  SEGMENTS IN THE MODULE
  ======================
RESET
  Relative segment, address: FFFE - FFFF (0x2 bytes), align: 1
  Segment part 0.
           ENTRY                   ADDRESS         REF BY
           =====                   =======         ======
           ?reset_vector           FFFE            Segment part 15 (?cstart)

    -------------------------------------------------------------------------
  LIBRARY MODULE, NAME : ?exit

  SEGMENTS IN THE MODULE
  ======================
<CODE> 1 (was CODE)
  Relative segment, address: 44C2 - 44C5 (0x4 bytes), align: 1
  Segment part 2.
           ENTRY                   ADDRESS         REF BY
           =====                   =======         ======
           exit                    44C2            Segment part 26 (?cstart)
               calls direct




                ****************************************
                *                                      *
                *      SEGMENTS IN ADDRESS ORDER       *
                *                                      *
                ****************************************


SEGMENT              SPACE    START ADDRESS   END ADDRESS     SIZE  TYPE  ALIGN
=======              =====    =============   ===========     ====  ====  =====
DATA20_I                                  2400                       rel    1
DATA20_Z                                  2400                       rel    1
DATA20_N                                  2400                       rel    1
CODE_I                                    2400                       rel    1
CSTACK                                 4360 - 43FF              A0   rel    1
DATA16_C                               4400 - 441B              1C   rel    1
CSTART                                 441C - 4427               C   rel    1
<CODE> 1                               4428 - 44C7              A0   rel    1
CODE_ID                                   44C8                       rel    1
DATA20_ID                                 44C8                       rel    1
DATA20_C                                  44C8                       rel    1
RESET                                  FFFE - FFFF               2   rel    1

                ****************************************
                *                                      *
                *        END OF CROSS REFERENCE        *
                *                                      *
                ****************************************

 174 bytes of CODE  memory
 160 bytes of DATA  memory
  28 bytes of CONST memory

Errors: none
Warnings: none

